                                                       
                                                       
                                                       
                                                       
                                                       
                                                       
                                                       
                                                       
                                                       
                                                       
                         - - - - - - - - -             
                        |XXXXXXX|XXXXXXXXX|            
                         - - X - X - - - X             
                        |XXIXXXXXX|XXXXX|X|            
                         X - X X X X - - X -           
                        |XXX|XXXXXXX|XXX|XXX|          
                         - X X - X - X X - X           
                          |X|XXXXX|XXX|X| |1XX         
                         - X - - - X   X - - X         
                        |XXX|XXXXXXX  |X|XXXXX|        
                         X - X - - -   X X   -         
                        |X| |2|       |XXX|            
                         X - X         - -             
                        |XXXXX                         
                             -                         
                                                       
                                                       
